[01:46:13.940][INFO][CraftTweaker-EarlyInit]: CraftTweaker is running on a Minecraft 1.20.1 production server modded with platform Forge
[01:46:13.985][INFO][CraftTweaker-EarlyInit]: Successfully injected RecipeFS file system
[01:46:14.025][INFO][CraftTweaker-Plugins]: Successfully identified and loaded plugin farmersdelight:crafttweaker_plugin
[01:46:14.033][INFO][CraftTweaker-Plugins]: Successfully identified and loaded plugin jeitweaker:common
[01:46:14.061][INFO][CraftTweaker-Plugins]: Successfully identified and loaded plugin crafttweaker:builtin
[01:46:14.062][INFO][CraftTweaker-Plugins]: Successfully identified and loaded plugin crafttweaker:builtin_forge
[01:46:14.102][INFO][JEITweaker]: Identified JeiTweaker plugin 'jeitweaker:forge': loading scheduled
[01:46:14.103][INFO][JEITweaker]: Identified JeiTweaker plugin 'jeitweaker:common': loading scheduled
[01:46:14.124][INFO][JEITweaker]: JEITweaker Environmental Check: the combination of mods [jei] is fully supported
[01:46:14.125][INFO][JEITweaker]: Running JeiTweaker plugin initialization
[01:46:14.175][INFO][JEITweaker]: JeiTweaker plugin initialization completed successfully
[01:46:16.107][INFO][CraftTweaker]: The following mods have explicit CraftTweaker support through the default plugin:
[01:46:16.109][INFO][CraftTweaker]: - 'crafttweaker' at version '14.0.40'
[01:46:16.109][INFO][CraftTweaker]: - 'farmersdelight' at version '1.20.1-1.2.4'
[01:46:16.109][INFO][CraftTweaker]: - 'jeitweaker' at version '8.0.6'
[01:46:29.362][INFO][CraftTweaker-ZenCode]: Started loading scripts for loader 'initialize'
[01:46:30.076][INFO][CraftTweaker-ZenCode]: Compiling and executing scripts
[01:46:30.329][INFO][CraftTweaker-ZenCode]: Successfully initialized modules [crafttweaker, expansions]
[01:46:30.493][INFO][CraftTweaker-ZenCode]: Execution for loader 'initialize' completed successfully
[01:46:54.375][INFO][CraftTweaker-ZenCode]: Started loading scripts for loader 'tags'
[01:46:54.411][INFO][CraftTweaker-ZenCode]: Compiling and executing scripts
[01:46:54.436][INFO][CraftTweaker-ZenCode]: Successfully initialized modules [crafttweaker, expansions]
[01:46:54.452][INFO][CraftTweaker-ZenCode]: Execution for loader 'tags' completed successfully
[01:46:55.690][INFO][CraftTweaker]: crafttweaker.reload.start
[01:46:55.696][INFO][CraftTweaker-ZenCode]: Started loading scripts for loader 'crafttweaker'
[01:46:55.736][INFO][CraftTweaker-ZenCode]: Compiling and executing scripts
[01:46:56.196][INFO][CraftTweaker-ZenCode]: Successfully initialized modules [mods, crafttweaker, expansions]
[01:46:56.218][INFO][CraftTweaker-ZenCode]: Execution for loader 'crafttweaker' completed successfully
[01:46:56.219][INFO][CraftTweaker]: crafttweaker.reload.complete
